2026-03-30 16:37:05,526 [Worker-2: Loading available Gradle versions] INFO  o.e.b.c.i.u.g.PublishedGradleVersions - Gradle version information cache is not available. Remote download required.
2026-03-30 16:38:44,056 [Worker-10: Importing Maven projects] INFO  o.e.m.c.i.l.LifecycleMappingFactory - Using org.eclipse.m2e.jdt.JarLifecycleMapping lifecycle mapping for MavenProject: com.worksphere:dashboard-api:0.0.1-SNAPSHOT @ C:\Users\VEDU\OneDrive\Desktop\Dummy Project\WorkSphere\WorkSphere\User Services\client\pom.xml.
2026-03-30 16:38:50,523 [Worker-10: Importing Maven projects] INFO  o.e.m.c.i.l.LifecycleMappingFactory - Using org.eclipse.m2e.jdt.JarLifecycleMapping lifecycle mapping for MavenProject: com.worksphere:freelancer:0.0.1-SNAPSHOT @ C:\Users\VEDU\OneDrive\Desktop\Dummy Project\WorkSphere\WorkSphere\User Services\freelancer\pom.xml.
2026-03-30 16:39:15,174 [Worker-10: Importing Maven projects] INFO  o.e.m.j.i.AbstractJavaProjectConfigurator - Adding source folder /client/src/main/java
2026-03-30 16:39:15,181 [Worker-10: Importing Maven projects] INFO  o.e.m.j.i.AbstractJavaProjectConfigurator - Adding resource folder /client/src/main/resources
2026-03-30 16:39:15,183 [Worker-10: Importing Maven projects] INFO  o.e.m.j.i.AbstractJavaProjectConfigurator - Adding resource folder /client/src/main/resources
2026-03-30 16:39:15,191 [Worker-10: Importing Maven projects] INFO  o.e.m.j.i.AbstractJavaProjectConfigurator - Adding source folder /client/src/test/java
2026-03-30 16:39:15,194 [Worker-10: Importing Maven projects] INFO  o.e.m.j.i.AbstractJavaProjectConfigurator - Adding resource folder /client/src/test/resources
2026-03-30 16:39:16,351 [Worker-10: Importing Maven projects] INFO  o.e.m.j.i.AbstractJavaProjectConfigurator - Adding source folder /freelancer/src/main/java
2026-03-30 16:39:16,353 [Worker-10: Importing Maven projects] INFO  o.e.m.j.i.AbstractJavaProjectConfigurator - Adding resource folder /freelancer/src/main/resources
2026-03-30 16:39:16,355 [Worker-10: Importing Maven projects] INFO  o.e.m.j.i.AbstractJavaProjectConfigurator - Adding resource folder /freelancer/src/main/resources
2026-03-30 16:39:16,357 [Worker-10: Importing Maven projects] INFO  o.e.m.j.i.AbstractJavaProjectConfigurator - Adding source folder /freelancer/src/test/java
2026-03-30 16:39:16,359 [Worker-10: Importing Maven projects] INFO  o.e.m.j.i.AbstractJavaProjectConfigurator - Adding resource folder /freelancer/src/test/resources
2026-03-30 16:39:16,967 [Worker-10: Importing Maven projects] INFO  o.e.m.c.i.p.ProjectConfigurationManager - Imported and configured 2 project(s) in 45 sec
2026-03-30 16:39:17,374 [Worker-7: Updating Maven Project] INFO  o.e.m.c.i.p.ProjectConfigurationManager - Update started
2026-03-30 16:39:18,931 [Worker-7: Updating Maven Project] INFO  o.e.m.c.i.l.LifecycleMappingFactory - Using org.eclipse.m2e.jdt.JarLifecycleMapping lifecycle mapping for MavenProject: com.worksphere:dashboard-api:0.0.1-SNAPSHOT @ C:\Users\VEDU\OneDrive\Desktop\Dummy Project\WorkSphere\WorkSphere\User Services\client\pom.xml.
2026-03-30 16:39:19,924 [Worker-7: Updating Maven Project] INFO  o.e.m.c.i.l.LifecycleMappingFactory - Using org.eclipse.m2e.jdt.JarLifecycleMapping lifecycle mapping for MavenProject: com.worksphere:freelancer:0.0.1-SNAPSHOT @ C:\Users\VEDU\OneDrive\Desktop\Dummy Project\WorkSphere\WorkSphere\User Services\freelancer\pom.xml.
2026-03-30 16:39:21,573 [Worker-7: Updating Maven Project] INFO  o.e.m.j.i.AbstractJavaProjectConfigurator - Adding source folder /client/src/main/java
2026-03-30 16:39:21,575 [Worker-7: Updating Maven Project] INFO  o.e.m.j.i.AbstractJavaProjectConfigurator - Adding resource folder /client/src/main/resources
2026-03-30 16:39:21,577 [Worker-7: Updating Maven Project] INFO  o.e.m.j.i.AbstractJavaProjectConfigurator - Adding resource folder /client/src/main/resources
2026-03-30 16:39:21,578 [Worker-7: Updating Maven Project] INFO  o.e.m.j.i.AbstractJavaProjectConfigurator - Adding source folder /client/src/test/java
2026-03-30 16:39:21,580 [Worker-7: Updating Maven Project] INFO  o.e.m.j.i.AbstractJavaProjectConfigurator - Adding resource folder /client/src/test/resources
2026-03-30 16:39:22,284 [Worker-7: Updating Maven Project] INFO  o.e.m.j.i.AbstractJavaProjectConfigurator - Adding source folder /freelancer/src/main/java
2026-03-30 16:39:22,286 [Worker-7: Updating Maven Project] INFO  o.e.m.j.i.AbstractJavaProjectConfigurator - Adding resource folder /freelancer/src/main/resources
2026-03-30 16:39:22,288 [Worker-7: Updating Maven Project] INFO  o.e.m.j.i.AbstractJavaProjectConfigurator - Adding resource folder /freelancer/src/main/resources
2026-03-30 16:39:22,289 [Worker-7: Updating Maven Project] INFO  o.e.m.j.i.AbstractJavaProjectConfigurator - Adding source folder /freelancer/src/test/java
2026-03-30 16:39:22,290 [Worker-7: Updating Maven Project] INFO  o.e.m.j.i.AbstractJavaProjectConfigurator - Adding resource folder /freelancer/src/test/resources
2026-03-30 16:39:23,457 [Worker-7: Updating Maven Project] INFO  o.e.m.c.i.p.ProjectConfigurationManager - Update completed for 2 poms: local refresh takes 0.00 sec, refresh facades takes 4.00 sec, update config takes 1.00 sec 
2026-03-30 16:39:25,920 [Worker-10: Building] INFO  o.a.m.s.f.DefaultMavenResourcesFiltering - Copying 1 resource from src\main\resources to target\classes
2026-03-30 16:39:25,975 [Worker-10: Building] INFO  o.a.m.s.f.DefaultMavenResourcesFiltering - Copying 0 resource from src\main\resources to target\classes
2026-03-30 16:39:25,983 [Worker-10: Building] INFO  o.a.m.s.f.DefaultMavenResourcesFiltering - skip non existing resourceDirectory C:\Users\VEDU\OneDrive\Desktop\Dummy Project\WorkSphere\WorkSphere\User Services\client\src\test\resources
2026-03-30 16:39:31,390 [Worker-10: Building] INFO  o.a.m.s.f.DefaultMavenResourcesFiltering - Copying 1 resource from src\main\resources to target\classes
2026-03-30 16:39:31,427 [Worker-10: Building] INFO  o.a.m.s.f.DefaultMavenResourcesFiltering - Copying 0 resource from src\main\resources to target\classes
2026-03-30 16:39:31,440 [Worker-10: Building] INFO  o.a.m.s.f.DefaultMavenResourcesFiltering - skip non existing resourceDirectory C:\Users\VEDU\OneDrive\Desktop\Dummy Project\WorkSphere\WorkSphere\User Services\freelancer\src\test\resources
